app/(admin)/index.tsx(89,38): error TS2339: Property 'emptyBox' does not exist on type '{ overlay: { flex: number; backgroundColor: string; justifyContent: "center"; alignItems: "center"; }; sheet: { backgroundColor: string; borderRadius: number; padding: number; width: "90%"; maxWidth: number; shadowColor: string; shadowOffset: { ...; }; shadowOpacity: number; shadowRadius: number; }; ... 7 more ...; ...'.
app/(admin)/index.tsx(91,40): error TS2339: Property 'emptyText' does not exist on type '{ overlay: { flex: number; backgroundColor: string; justifyContent: "center"; alignItems: "center"; }; sheet: { backgroundColor: string; borderRadius: number; padding: number; width: "90%"; maxWidth: number; shadowColor: string; shadowOffset: { ...; }; shadowOpacity: number; shadowRadius: number; }; ... 7 more ...; ...'.
app/(admin)/index.tsx(92,41): error TS2339: Property 'emptyText' does not exist on type '{ overlay: { flex: number; backgroundColor: string; justifyContent: "center"; alignItems: "center"; }; sheet: { backgroundColor: string; borderRadius: number; padding: number; width: "90%"; maxWidth: number; shadowColor: string; shadowOffset: { ...; }; shadowOpacity: number; shadowRadius: number; }; ... 7 more ...; ...'.
app/(admin)/index.tsx(101,38): error TS2339: Property 'staffRow' does not exist on type '{ overlay: { flex: number; backgroundColor: string; justifyContent: "center"; alignItems: "center"; }; sheet: { backgroundColor: string; borderRadius: number; padding: number; width: "90%"; maxWidth: number; shadowColor: string; shadowOffset: { ...; }; shadowOpacity: number; shadowRadius: number; }; ... 7 more ...; ...'.
app/(admin)/index.tsx(105,44): error TS2339: Property 'staffAvatar' does not exist on type '{ overlay: { flex: number; backgroundColor: string; justifyContent: "center"; alignItems: "center"; }; sheet: { backgroundColor: string; borderRadius: number; padding: number; width: "90%"; maxWidth: number; shadowColor: string; shadowOffset: { ...; }; shadowOpacity: number; shadowRadius: number; }; ... 7 more ...; ...'.
app/(admin)/index.tsx(109,46): error TS2339: Property 'staffName' does not exist on type '{ overlay: { flex: number; backgroundColor: string; justifyContent: "center"; alignItems: "center"; }; sheet: { backgroundColor: string; borderRadius: number; padding: number; width: "90%"; maxWidth: number; shadowColor: string; shadowOffset: { ...; }; shadowOpacity: number; shadowRadius: number; }; ... 7 more ...; ...'.
app/(admin)/index.tsx(111,48): error TS2339: Property 'staffPhone' does not exist on type '{ overlay: { flex: number; backgroundColor: string; justifyContent: "center"; alignItems: "center"; }; sheet: { backgroundColor: string; borderRadius: number; padding: number; width: "90%"; maxWidth: number; shadowColor: string; shadowOffset: { ...; }; shadowOpacity: number; shadowRadius: number; }; ... 7 more ...; ...'.
app/(admin)/index.tsx(113,48): error TS2339: Property 'staffPhone' does not exist on type '{ overlay: { flex: number; backgroundColor: string; justifyContent: "center"; alignItems: "center"; }; sheet: { backgroundColor: string; borderRadius: number; padding: number; width: "90%"; maxWidth: number; shadowColor: string; shadowOffset: { ...; }; shadowOpacity: number; shadowRadius: number; }; ... 7 more ...; ...'.
app/(admin)/index.tsx(303,27): error TS2339: Property 'loadingBox' does not exist on type '{ safeArea: { flex: number; backgroundColor: string; }; stickyHeader: { backgroundColor: string; paddingTop: number; borderBottomLeftRadius: number; borderBottomRightRadius: number; shadowColor: string; ... 4 more ...; zIndex: number; }; ... 53 more ...; emptyStateText: { ...; }; }'.
app/(admin)/index.tsx(305,29): error TS2339: Property 'loadingText' does not exist on type '{ safeArea: { flex: number; backgroundColor: string; }; stickyHeader: { backgroundColor: string; paddingTop: number; borderBottomLeftRadius: number; borderBottomRightRadius: number; shadowColor: string; ... 4 more ...; zIndex: number; }; ... 53 more ...; emptyStateText: { ...; }; }'.
app/(admin)/index.tsx(324,79): error TS2339: Property 'statCardActive' does not exist on type '{ safeArea: { flex: number; backgroundColor: string; }; stickyHeader: { backgroundColor: string; paddingTop: number; borderBottomLeftRadius: number; borderBottomRightRadius: number; shadowColor: string; ... 4 more ...; zIndex: number; }; ... 53 more ...; emptyStateText: { ...; }; }'.
app/(admin)/index.tsx(389,41): error TS2339: Property 'staffAvatar' does not exist on type '{ overlay: { flex: number; backgroundColor: string; justifyContent: "center"; alignItems: "center"; }; sheet: { backgroundColor: string; borderRadius: number; padding: number; width: "90%"; maxWidth: number; shadowColor: string; shadowOffset: { ...; }; shadowOpacity: number; shadowRadius: number; }; ... 7 more ...; ...'.
app/(admin)/index.tsx(390,41): error TS2339: Property 'staffName' does not exist on type '{ overlay: { flex: number; backgroundColor: string; justifyContent: "center"; alignItems: "center"; }; sheet: { backgroundColor: string; borderRadius: number; padding: number; width: "90%"; maxWidth: number; shadowColor: string; shadowOffset: { ...; }; shadowOpacity: number; shadowRadius: number; }; ... 7 more ...; ...'.
app/(admin)/index.tsx(391,40): error TS2339: Property 'staffPhone' does not exist on type '{ overlay: { flex: number; backgroundColor: string; justifyContent: "center"; alignItems: "center"; }; sheet: { backgroundColor: string; borderRadius: number; padding: number; width: "90%"; maxWidth: number; shadowColor: string; shadowOffset: { ...; }; shadowOpacity: number; shadowRadius: number; }; ... 7 more ...; ...'.
app/(admin)/index.tsx(501,20): error TS7006: Parameter 'val' implicitly has an 'any' type.
app/(admin)/index.tsx(508,20): error TS7006: Parameter 'val' implicitly has an 'any' type.
app/(admin)/index.tsx(515,20): error TS7006: Parameter 'val' implicitly has an 'any' type.
app/(admin)/index.tsx(588,35): error TS2339: Property 'notificationBadge' does not exist on type '{ safeArea: { flex: number; backgroundColor: string; }; stickyHeader: { backgroundColor: string; paddingTop: number; borderBottomLeftRadius: number; borderBottomRightRadius: number; shadowColor: string; ... 4 more ...; zIndex: number; }; ... 53 more ...; emptyStateText: { ...; }; }'.
app/(admin)/index.tsx(594,35): error TS2339: Property 'adminMeta' does not exist on type '{ safeArea: { flex: number; backgroundColor: string; }; stickyHeader: { backgroundColor: string; paddingTop: number; borderBottomLeftRadius: number; borderBottomRightRadius: number; shadowColor: string; ... 4 more ...; zIndex: number; }; ... 53 more ...; emptyStateText: { ...; }; }'.
app/(admin)/index.tsx(596,37): error TS2339: Property 'onlineDot' does not exist on type '{ safeArea: { flex: number; backgroundColor: string; }; stickyHeader: { backgroundColor: string; paddingTop: number; borderBottomLeftRadius: number; borderBottomRightRadius: number; shadowColor: string; ... 4 more ...; zIndex: number; }; ... 53 more ...; emptyStateText: { ...; }; }'.
